pdflatex -interaction=nonstopmode -halt-on-error -shell-escape -output-directory build/ content/kactl.tex && pdflatex -interaction=nonstopmode -halt-on-error -shell-escape -output-directory build/ content/kactl.tex
This is pdfTeX, Version 3.141592653-2.6-1.40.27 (TeX Live 2025) (preloaded format=pdflatex)
 \write18 enabled.
entering extended mode
(./content/kactl.tex
LaTeX2e <2024-11-01> patch level 2
L3 programming layer <2025-01-18>
(/usr/local/texlive/2025/texmf-dist/tex/latex/extsizes/extreport.cls
Document Class: extreport 1996/10/08 v1.0 Non Standard LaTeX document class
(/usr/local/texlive/2025/texmf-dist/tex/latex/extsizes/size9.clo) (/usr/local/texlive/2025/texmf-dist/tex/latex/base/exscale.sty)) (content/tex/kactlpkg.sty (/usr/local/texlive/2025/texmf-dist/tex/latex/base/inputenc.sty) (/usr/local/texlive/2025/texmf-dist/tex/latex/listings/listings.sty (/usr/local/texlive/2025/texmf-dist/tex/latex/graphics/keyval.sty) (/usr/local/texlive/2025/texmf-dist/tex/latex/listings/lstpatch.sty) (/usr/local/texlive/2025/texmf-dist/tex/latex/listings/lstmisc.sty) (/usr/local/texlive/2025/texmf-dist/tex/latex/listings/listings.cfg)) (/usr/local/texlive/2025/texmf-dist/tex/latex/framed/framed.sty) (/usr/local/texlive/2025/texmf-dist/tex/latex/geometry/geometry.sty (/usr/local/texlive/2025/texmf-dist/tex/generic/iftex/ifvtex.sty (/usr/local/texlive/2025/texmf-dist/tex/generic/iftex/iftex.sty))) (/usr/local/texlive/2025/texmf-dist/tex/latex/tools/multicol.sty) (/usr/local/texlive/2025/texmf-dist/tex/latex/fancyhdr/fancyhdr.sty) (/usr/local/texlive/2025/texmf-dist/tex/latex/amsmath/amsbsy.sty (/usr/local/texlive/2025/texmf-dist/tex/latex/amsmath/amsgen.sty)) (/usr/local/texlive/2025/texmf-dist/tex/latex/amsfonts/amssymb.sty (/usr/local/texlive/2025/texmf-dist/tex/latex/amsfonts/amsfonts.sty)) (/usr/local/texlive/2025/texmf-dist/tex/latex/amsmath/amsmath.sty
For additional information on amsmath, use the `?' option.
(/usr/local/texlive/2025/texmf-dist/tex/latex/amsmath/amstext.sty) (/usr/local/texlive/2025/texmf-dist/tex/latex/amsmath/amsopn.sty)) (/usr/local/texlive/2025/texmf-dist/tex/latex/tocloft/tocloft.sty) (/usr/local/texlive/2025/texmf-dist/tex/latex/titlesec/titletoc.sty) (/usr/local/texlive/2025/texmf-dist/tex/latex/base/ifthen.sty) (/usr/local/texlive/2025/texmf-dist/tex/latex/psnfss/courier.sty) (/usr/local/texlive/2025/texmf-dist/tex/latex/graphics/graphicx.sty (/usr/local/texlive/2025/texmf-dist/tex/latex/graphics/graphics.sty (/usr/local/texlive/2025/texmf-dist/tex/latex/graphics/trig.sty) (/usr/local/texlive/2025/texmf-dist/tex/latex/graphics-cfg/graphics.cfg) (/usr/local/texlive/2025/texmf-dist/tex/latex/graphics-def/pdftex.def))) (/usr/local/texlive/2025/texmf-dist/tex/latex/base/fix-cm.sty (/usr/local/texlive/2025/texmf-dist/tex/latex/base/ts1enc.def)) (/usr/local/texlive/2025/texmf-dist/tex/latex/paralist/paralist.sty) (/usr/local/texlive/2025/texmf-dist/tex/latex/enumitem/enumitem.sty) (/usr/local/texlive/2025/texmf-dist/tex/latex/parskip/parskip.sty (/usr/local/texlive/2025/texmf-dist/tex/latex/kvoptions/kvoptions.sty (/usr/local/texlive/2025/texmf-dist/tex/generic/ltxcmds/ltxcmds.sty) (/usr/local/texlive/2025/texmf-dist/tex/latex/kvsetkeys/kvsetkeys.sty)) (/usr/local/texlive/2025/texmf-dist/tex/latex/etoolbox/etoolbox.sty)) (/usr/local/texlive/2025/texmf-dist/tex/latex/xcolor/xcolor.sty (/usr/local/texlive/2025/texmf-dist/tex/latex/graphics-cfg/color.cfg) (/usr/local/texlive/2025/texmf-dist/tex/latex/graphics/mathcolor.ltx)) (/usr/local/texlive/2025/texmf-dist/tex/latex/graphics/dvipsnam.def) (/usr/local/texlive/2025/texmf-dist/tex/generic/ulem/ulem.sty) (/usr/local/texlive/2025/texmf-dist/tex/latex/hyperref/hyperref.sty (/usr/local/texlive/2025/texmf-dist/tex/generic/kvdefinekeys/kvdefinekeys.sty) (/usr/local/texlive/2025/texmf-dist/tex/generic/pdfescape/pdfescape.sty (/usr/local/texlive/2025/texmf-dist/tex/generic/pdftexcmds/pdftexcmds.sty (/usr/local/texlive/2025/texmf-dist/tex/generic/infwarerr/infwarerr.sty))) (/usr/local/texlive/2025/texmf-dist/tex/latex/hycolor/hycolor.sty) (/usr/local/texlive/2025/texmf-dist/tex/latex/hyperref/nameref.sty (/usr/local/texlive/2025/texmf-dist/tex/latex/refcount/refcount.sty) (/usr/local/texlive/2025/texmf-dist/tex/generic/gettitlestring/gettitlestring.sty)) (/usr/local/texlive/2025/texmf-dist/tex/generic/stringenc/stringenc.sty) (/usr/local/texlive/2025/texmf-dist/tex/latex/hyperref/pd1enc.def) (/usr/local/texlive/2025/texmf-dist/tex/generic/intcalc/intcalc.sty) (/usr/local/texlive/2025/texmf-dist/tex/latex/hyperref/puenc.def) (/usr/local/texlive/2025/texmf-dist/tex/latex/url/url.sty) (/usr/local/texlive/2025/texmf-dist/tex/generic/bitset/bitset.sty (/usr/local/texlive/2025/texmf-dist/tex/generic/bigintcalc/bigintcalc.sty)) (/usr/local/texlive/2025/texmf-dist/tex/latex/base/atbegshi-ltx.sty)) (/usr/local/texlive/2025/texmf-dist/tex/latex/hyperref/hpdftex.def (/usr/local/texlive/2025/texmf-dist/tex/latex/base/atveryend-ltx.sty) (/usr/local/texlive/2025/texmf-dist/tex/latex/rerunfilecheck/rerunfilecheck.sty (/usr/local/texlive/2025/texmf-dist/tex/generic/uniquecounter/uniquecounter.sty))) (/usr/local/texlive/2025/texmf-dist/tex/latex/listings/lstlang1.sty) (/usr/local/texlive/2025/texmf-dist/tex/latex/listings/lstlang1.sty) (/usr/local/texlive/2025/texmf-dist/tex/latex/listings/lstmisc.sty)) (/usr/local/texlive/2025/texmf-dist/tex/latex/l3backend/l3backend-pdftex.def) (build//kactl.aux)
*geometry* driver: auto-detecting
*geometry* detected driver: pdftex
(/usr/local/texlive/2025/texmf-dist/tex/context/base/mkii/supp-pdf.mkii
[Loading MPS to PDF converter (version 2006.09.02).]
) (/usr/local/texlive/2025/texmf-dist/tex/latex/epstopdf-pkg/epstopdf-base.sty (/usr/local/texlive/2025/texmf-dist/tex/latex/latexconfig/epstopdf-sys.cfg)) (build//kactl.out) (build//kactl.out)
[0{/usr/local/texlive/2025/texmf-var/fonts/map/pdftex/updmap/pdftex.map}] (build//kactl.toc (/usr/local/texlive/2025/texmf-dist/tex/latex/amsfonts/umsa.fd) (/usr/local/texlive/2025/texmf-dist/tex/latex/amsfonts/umsb.fd)) (./content/contest/chapter.tex * [1mtodo.txt[0m

Chapter 1.
(./build/kactl.tmp (/usr/local/texlive/2025/texmf-dist/tex/latex/psnfss/ot1pcr.fd)) * [1mtemplate.cpp[0m
 (./build/kactl.tmp (/usr/local/texlive/2025/texmf-dist/tex/latex/psnfss/t1pcr.fd)) * [1mfast.cpp[0m
 (./build/kactl.tmp) * [1mrun[0m
 (./build/kactl.tmp (/usr/local/texlive/2025/texmf-dist/tex/latex/psnfss/ts1pcr.fd)) * [1m.bashrc[0m
 (./build/kactl.tmp (/usr/local/texlive/2025/texmf-dist/tex/latex/listings/lstlang1.sty) (/usr/local/texlive/2025/texmf-dist/tex/latex/listings/lstlang1.sty) (/usr/local/texlive/2025/texmf-dist/tex/latex/base/omlcmr.fd)) * [1m.vimrc[0m
 (./build/kactl.tmp) * [1mhash.sh[0m
 (./build/kactl.tmp) * [1mtroubleshoot.txt[0m
 (./build/kactl.tmp)) (./content/math/chapter.tex
Chapter 2.
[1{/usr/local/texlive/2025/texmf-dist/fonts/enc/dvips/base/8r.enc}] (./build/header2.tmp) [2 <./content/math/sphericalCoordinates.pdf>]) (./content/data-structures/chapter.tex * [1mOrderStatisticTree.h[0m

Chapter 3.
(./build/kactl.tmp) * [1mHashMap.h[0m
 (./build/kactl.tmp) * [1mMatrix.h[0m
 (./build/kactl.tmp (/usr/local/texlive/2025/texmf-dist/tex/latex/psnfss/omspcr.fd)) * [1mLineContainer.h[0m
 (./build/kactl.tmp) * [1mLichao.h[0m
 (./build/kactl.tmp
Underfull \hbox (badness 10000) in paragraph at lines 6--6
\OT1/cmr/bx/n/7 Usage: \OT1/pcr/m/n/7 LiChao tr(xs); tr.add(\OMS/cmsy/m/n/7 f\OT1/pcr/m/n/7 m, b\OMS/cmsy/m/n/7 g\OT1/pcr/m/n/7 ); tr.add(\OMS/cmsy/m/n/7 f\OT1/pcr/m/n/7 m, b\OMS/cmsy/m/n/7 g\OT1/pcr/m/n/7 , l, r);
(./build/header2.tmp) [3]) * [1mTreap.h[0m
 (./build/kactl.tmp) * [1mRMQ.h[0m
 (./build/kactl.tmp) * [1mMoQueries.h[0m
 (./build/kactl.tmp)) (./content/numerical/chapter.tex
Chapter 4.
(./build/header2.tmp) [4{/usr/local/texlive/2025/texmf-dist/fonts/enc/dvips/cm-super/cm-super-ts1.enc}] * [1mPolynomial.h[0m
 (./build/kactl.tmp) * [1mPolyRoots.h[0m
 (./build/kactl.tmp) * [1mPolyInterpolate.h[0m
 (./build/kactl.tmp) * [1mBerlekampMassey.h[0m
 (./build/kactl.tmp) * [1mLinearRecurrence.h[0m
 (./build/kactl.tmp) * [1mOperation.h[0m
 (./build/kactl.tmp (./build/header2.tmp) [5]) * [1mGoldenSectionSearch.h[0m
 (./build/kactl.tmp) * [1mHillClimbing.h[0m
 (./build/kactl.tmp) * [1mSimplex.h[0m
 (./build/kactl.tmp (/usr/local/texlive/2025/texmf-dist/tex/latex/base/omscmr.fd)) * [1mDeterminant.h[0m
 (./build/kactl.tmp) * [1mIntDeterminant.h[0m
 (./build/kactl.tmp) * [1mSolveLinear.h[0m
 (./build/kactl.tmp (./build/header2.tmp) [6]) * [1mSolveLinear2.h[0m
 (./build/kactl.tmp) * [1mSolveLinearBinary.h[0m
 (./build/kactl.tmp) * [1mMatrixInverse.h[0m
 (./build/kactl.tmp) * [1mTridiagonal.h[0m
 (./build/kactl.tmp) * [1mFastFourierTransform.h[0m
 (./build/kactl.tmp (./build/header2.tmp) [7]) * [1mFastFourierTransformMod.h[0m
 (./build/kactl.tmp) * [1mNumberTheoreticTransform.h[0m
 (./build/kactl.tmp) * [1mFastSubsetTransform.h[0m
 (./build/kactl.tmp)) (./content/number-theory/chapter.tex
Chapter 5.
(./build/header2.tmp) [8] * [1mModularArithmetic.h[0m
 (./build/kactl.tmp) * [1mModInverse.h[0m
 (./build/kactl.tmp) * [1mModPow.h[0m
 (./build/kactl.tmp) * [1mModLog.h[0m
 (./build/kactl.tmp) * [1mModSum.h[0m
 (./build/kactl.tmp) * [1mModMulLL.h[0m
 (./build/kactl.tmp) * [1mModSqrt.h[0m
 (./build/kactl.tmp) * [1mFastEratosthenes.h[0m
 (./build/kactl.tmp) * [1mMillerRabin.h[0m
 (./build/kactl.tmp) * [1mFactor.h[0m
 (./build/kactl.tmp) (./build/header2.tmp) [9] * [1meuclid.h[0m
 (./build/kactl.tmp) * [1mCRT.h[0m
 (./build/kactl.tmp) * [1mphiFunction.h[0m
 (./build/kactl.tmp) * [1mContinuedFractions.h[0m
 (./build/kactl.tmp) * [1mFracBinarySearch.h[0m
 (./build/kactl.tmp)) (./content/combinatorial/chapter.tex
Chapter 6.
(./content/combinatorial/factorial.tex) * [1mIntPerm.h[0m
 (./build/kactl.tmp) (./build/header2.tmp) [10] * [1mmultinomial.h[0m
 (./build/kactl.tmp)) (./content/graph/chapter.tex * [1mBellmanFord.h[0m

Chapter 7.
(./build/kactl.tmp) * [1mFloydWarshall.h[0m
 (./build/kactl.tmp) (./build/header2.tmp) [11] * [1mPushRelabel.h[0m
 (./build/kactl.tmp) * [1mMinCostMaxFlow.h[0m
 (./build/kactl.tmp
Underfull \hbox (badness 10000) in paragraph at lines 11--11
\OT1/cmr/bx/n/7 Usage: \OT1/pcr/m/n/7 Prefer when the number of augmentations is small, or

Underfull \hbox (badness 10000) in paragraph at lines 11--11
\OT1/pcr/m/n/7 a large bottleneck flow. Usually the simplest and fastest

Underfull \hbox (badness 10000) in paragraph at lines 11--11
\OT1/pcr/m/n/7 Initial negative edges need setpi; negative cycles need the

Underfull \hbox (badness 10000) in paragraph at lines 11--11
\OT1/pcr/m/n/7 described below, or CostScalingMCMF. PBDS requires GNU
) * [1mMinCostMaxFlowCostScaling.h[0m
 (./build/kactl.tmp
Underfull \hbox (badness 10000) in paragraph at lines 11--11
\OT1/pcr/m/n/7 edges/cycles, or min-cost circulation. SSP is usually faster

Underfull \hbox (badness 10000) in paragraph at lines 11--11
\OT1/pcr/m/n/7 Not suitable for floating-point costs. For pure circulation,

Underfull \hbox (badness 10000) in paragraph at lines 11--11
\OT1/pcr/m/n/7 and run only the cost-scaling phase; do not invent s, t or run
(./build/header2.tmp) [12]) * [1mDinic.h[0m
 (./build/kactl.tmp) * [1mMinCut.h[0m
 (./build/kactl.tmp) * [1mGlobalMinCut.h[0m
 (./build/kactl.tmp (./build/header2.tmp) [13]) * [1mGomoryHu.h[0m
 (./build/kactl.tmp) * [1mhopcroftKarp.h[0m
 (./build/kactl.tmp) * [1mDFSMatching.h[0m
 (./build/kactl.tmp) * [1mMinimumVertexCover.h[0m
 (./build/kactl.tmp) * [1mWeightedMatching.h[0m
 (./build/kactl.tmp) * [1mGeneralMatching.h[0m
 (./build/kactl.tmp (./build/header2.tmp) [14]) * [1mMatroidIntersection.h[0m
 (./build/kactl.tmp) * [1mWeightedMatroidIntersection.h[0m
 (./build/kactl.tmp) * [1mSCC.h[0m
 (./build/kactl.tmp (./build/header2.tmp) [15]) * [1mEBCC.h[0m
 (./build/kactl.tmp) * [1mDominatortree.h[0m
 (./build/kactl.tmp) * [1mBiconnectedComponents.h[0m
 (./build/kactl.tmp) * [1m2sat.h[0m
 (./build/kactl.tmp (./build/header2.tmp) [16]) * [1mEdgeColoring.h[0m
 (./build/kactl.tmp) * [1mMaximalCliques.h[0m
 (./build/kactl.tmp) * [1mMaximumClique.h[0m
 (./build/kactl.tmp) * [1mMaximumIndependentSet.h[0m
 (./build/kactl.tmp) * [1mCompressTree.h[0m
 (./build/kactl.tmp (./build/header2.tmp) [17]) * [1mHLD.h[0m
 (./build/kactl.tmp) * [1mLinkCutTree.h[0m
 (./build/kactl.tmp
Underfull \hbox (badness 10000) in paragraph at lines 11--11
\OT1/pcr/m/n/7 vir stores virtual-child aggregates; access moves preferred
) * [1mDirectedMST.h[0m
 (./build/kactl.tmp (./build/header2.tmp) [18])) (./content/geometry/chapter.tex * [1mPoint.h[0m

Chapter 8.
(./build/kactl.tmp) * [1mlineDistance.h[0m
 (./build/kactl.tmp) * [1mSegmentDistance.h[0m
 (./build/kactl.tmp) * [1mSegmentIntersection.h[0m
 (./build/kactl.tmp) * [1mlineIntersection.h[0m
 (./build/kactl.tmp) * [1msideOf.h[0m
 (./build/kactl.tmp) * [1mOnSegment.h[0m
 (./build/kactl.tmp) * [1mlinearTransformation.h[0m
 (./build/kactl.tmp (./build/header2.tmp) [19 <./content/geometry/lineDistance.pdf> <./content/geometry/SegmentDistance.pdf> <./content/geometry/SegmentIntersection.pdf> <./content/geometry/lineIntersection.pdf>]) * [1mAngle.h[0m
 (./build/kactl.tmp
Underfull \hbox (badness 10000) in paragraph at lines 9--9
\OT1/pcr/m/n/7 // sweeps j such that (j-i) represents the number of positively
) * [1mCircleIntersection.h[0m
 (./build/kactl.tmp) * [1mCircleTangents.h[0m
 (./build/kactl.tmp) * [1mCirclePolygonIntersection.h[0m
 (./build/kactl.tmp) * [1mcircumcircle.h[0m
 (./build/kactl.tmp) * [1mMinimumEnclosingCircle.h[0m
 (./build/kactl.tmp) * [1mInsidePolygon.h[0m
 (./build/kactl.tmp) * [1mPolygonArea.h[0m
 (./build/kactl.tmp) * [1mPolygonCenter.h[0m
 (./build/kactl.tmp (./build/header2.tmp) [20 <./content/geometry/linearTransformation.pdf> <./content/geometry/circumcircle.pdf>]) * [1mPolygonCut.h[0m
 (./build/kactl.tmp) * [1mConvexHull.h[0m
 (./build/kactl.tmp) * [1mHullDiameter.h[0m
 (./build/kactl.tmp) * [1mPointInsideHull.h[0m
 (./build/kactl.tmp) * [1mLineHullIntersection.h[0m
 (./build/kactl.tmp) * [1mClosestPair.h[0m
 (./build/kactl.tmp) * [1mkdTree.h[0m
 (./build/kactl.tmp (./build/header2.tmp) [21 <./content/geometry/PolygonCut.pdf> <./content/geometry/ConvexHull.pdf>]) * [1mFastDelaunay.h[0m
 (./build/kactl.tmp) * [1mPolyhedronVolume.h[0m
 (./build/kactl.tmp) * [1mPoint3D.h[0m
 (./build/kactl.tmp) * [1m3dHull.h[0m
 (./build/kactl.tmp (./build/header2.tmp) [22]) * [1msphericalDistance.h[0m
 (./build/kactl.tmp)) (./content/strings/chapter.tex * [1mKMP.h[0m

Chapter 9.
(./build/kactl.tmp) * [1mZfunc.h[0m
 (./build/kactl.tmp) * [1mManacher.h[0m
 (./build/kactl.tmp) * [1mMinRotation.h[0m
 (./build/kactl.tmp) * [1mSuffixArray.h[0m
 (./build/kactl.tmp) * [1mSuffixArraySAIS.h[0m
 (./build/kactl.tmp (./build/header2.tmp) [23]) * [1mSuffixArrayDC3.h[0m
 (./build/kactl.tmp) * [1mSuffixTree.h[0m
 (./build/kactl.tmp) * [1mAhoCorasick.h[0m
 (./build/kactl.tmp (./build/header2.tmp) [24]) * [1mSam.h[0m
 (./build/kactl.tmp)) (./content/various/chapter.tex * [1mIntervalContainer.h[0m

Chapter 10.
(./build/kactl.tmp) * [1mIntervalCover.h[0m
 (./build/kactl.tmp) * [1mConstantIntervals.h[0m
 (./build/kactl.tmp
Underfull \hbox (badness 10000) in paragraph at lines 7--7
\OT1/cmr/bx/n/7 Usage: \OT1/pcr/m/n/7 constantIntervals(0, sz(v), [&](int x)\OMS/cmsy/m/n/7 f\OT1/pcr/m/n/7 return v[x];\OMS/cmsy/m/n/7 g\OT1/pcr/m/n/7 ,
) * [1mTernarySearch.h[0m
 (./build/kactl.tmp (./build/header2.tmp) [25]) * [1mLIS.h[0m
 (./build/kactl.tmp) * [1mFastKnapsack.h[0m
 (./build/kactl.tmp) * [1mKnuthDP.h[0m
 (./build/kactl.tmp) * [1mDivideAndConquerDP.h[0m
 (./build/kactl.tmp) * [1mFastMod.h[0m
 (./build/kactl.tmp) * [1mFastInput.h[0m
 (./build/kactl.tmp) * [1mBumpAllocator.h[0m
 (./build/kactl.tmp) * [1mSmallPtr.h[0m
 (./build/kactl.tmp) (./build/header2.tmp) [26] * [1mBumpAllocatorSTL.h[0m
 (./build/kactl.tmp) * [1mUnrolling.h[0m
 (./build/kactl.tmp)) (./build/header2.tmp) [27] (./content/appendix/chapter.tex * [1mtechniques.txt[0m

pdfTeX warning (ext4): destination with the same identifier (name{chapter.1}) has been already used, duplicate ignored
<to be read again> 
                   \relax 
l.2 \chapter{Techniques}
                        
Chapter A.
(./build/kactl.tmp
pdfTeX warning (ext4): destination with the same identifier (name{lstlisting.1.1}) has been already used, duplicate ignored
<to be read again> 
                   \relax 
l.3 ...ing}[language=raw,caption={techniques.txt}]
                                                  
pdfTeX warning (ext4): destination with the same identifier (name{lstnumber.1.1.1}) has been already used, duplicate ignored
<to be read again> 
                   \relax 
l.4 Recursion
             
pdfTeX warning (ext4): destination with the same identifier (name{lstnumber.1.1.2}) has been already used, duplicate ignored
<to be read again> 
                   \relax 
l.5 Divide 
           and conquer
pdfTeX warning (ext4): destination with the same identifier (name{lstnumber.1.1.3}) has been already used, duplicate ignored
<to be read again> 
                   \relax 
l.6 	Finding 
             interesting points in N log N
pdfTeX warning (ext4): destination with the same identifier (name{lstnumber.1.1.4}) has been already used, duplicate ignored
<to be read again> 
                   \relax 
l.7 Algorithm 
              analysis)) (./build/header2.tmp) [28] (build//kactl.aux) )
(see the transcript file for additional information)</usr/local/texlive/2025/texmf-dist/fonts/type1/public/amsfonts/cm/cmbx10.pfb></usr/local/texlive/2025/texmf-dist/fonts/type1/public/amsfonts/cm/cmbx12.pfb></usr/local/texlive/2025/texmf-dist/fonts/type1/public/amsfonts/cm/cmbx6.pfb></usr/local/texlive/2025/texmf-dist/fonts/type1/public/amsfonts/cm/cmbx7.pfb></usr/local/texlive/2025/texmf-dist/fonts/type1/public/amsfonts/cm/cmbx8.pfb></usr/local/texlive/2025/texmf-dist/fonts/type1/public/amsfonts/cm/cmbx9.pfb></usr/local/texlive/2025/texmf-dist/fonts/type1/public/amsfonts/cmextra/cmex7.pfb></usr/local/texlive/2025/texmf-dist/fonts/type1/public/amsfonts/cmextra/cmex8.pfb></usr/local/texlive/2025/texmf-dist/fonts/type1/public/amsfonts/cmextra/cmex9.pfb></usr/local/texlive/2025/texmf-dist/fonts/type1/public/amsfonts/cm/cmmi5.pfb></usr/local/texlive/2025/texmf-dist/fonts/type1/public/amsfonts/cm/cmmi6.pfb></usr/local/texlive/2025/texmf-dist/fonts/type1/public/amsfonts/cm/cmmi7.pfb></usr/local/texlive/2025/texmf-dist/fonts/type1/public/amsfonts/cm/cmmi8.pfb></usr/local/texlive/2025/texmf-dist/fonts/type1/public/amsfonts/cm/cmmi9.pfb></usr/local/texlive/2025/texmf-dist/fonts/type1/public/amsfonts/cm/cmr10.pfb></usr/local/texlive/2025/texmf-dist/fonts/type1/public/amsfonts/cm/cmr12.pfb></usr/local/texlive/2025/texmf-dist/fonts/type1/public/amsfonts/cm/cmr17.pfb></usr/local/texlive/2025/texmf-dist/fonts/type1/public/amsfonts/cm/cmr5.pfb></usr/local/texlive/2025/texmf-dist/fonts/type1/public/amsfonts/cm/cmr6.pfb></usr/local/texlive/2025/texmf-dist/fonts/type1/public/amsfonts/cm/cmr7.pfb></usr/local/texlive/2025/texmf-dist/fonts/type1/public/amsfonts/cm/cmr8.pfb></usr/local/texlive/2025/texmf-dist/fonts/type1/public/amsfonts/cm/cmr9.pfb></usr/local/texlive/2025/texmf-dist/fonts/type1/public/amsfonts/cm/cmsy5.pfb></usr/local/texlive/2025/texmf-dist/fonts/type1/public/amsfonts/cm/cmsy6.pfb></usr/local/texlive/2025/texmf-dist/fonts/type1/public/amsfonts/cm/cmsy7.pfb></usr/local/texlive/2025/texmf-dist/fonts/type1/public/amsfonts/cm/cmsy8.pfb></usr/local/texlive/2025/texmf-dist/fonts/type1/public/amsfonts/cm/cmsy9.pfb></usr/local/texlive/2025/texmf-dist/fonts/type1/public/amsfonts/cm/cmti7.pfb></usr/local/texlive/2025/texmf-dist/fonts/type1/public/amsfonts/cm/cmti9.pfb></usr/local/texlive/2025/texmf-dist/fonts/type1/public/amsfonts/symbols/msbm10.pfb></usr/local/texlive/2025/texmf-dist/fonts/type1/public/amsfonts/symbols/msbm7.pfb></usr/local/texlive/2025/texmf-dist/fonts/type1/public/cm-super/sfrm0700.pfb></usr/local/texlive/2025/texmf-dist/fonts/type1/public/cm-super/sfrm0900.pfb></usr/local/texlive/2025/texmf-dist/fonts/type1/public/cm-super/sfti0700.pfb></usr/local/texlive/2025/texmf-dist/fonts/type1/urw/courier/ucrb8a.pfb></usr/local/texlive/2025/texmf-dist/fonts/type1/urw/courier/ucrr8a.pfb></usr/local/texlive/2025/texmf-dist/fonts/type1/urw/courier/ucrro8a.pfb>
Output written on build//kactl.pdf (29 pages, 2420264 bytes).
Transcript written on build//kactl.log.
This is pdfTeX, Version 3.141592653-2.6-1.40.27 (TeX Live 2025) (preloaded format=pdflatex)
 \write18 enabled.
entering extended mode
(./content/kactl.tex
LaTeX2e <2024-11-01> patch level 2
L3 programming layer <2025-01-18>
(/usr/local/texlive/2025/texmf-dist/tex/latex/extsizes/extreport.cls
Document Class: extreport 1996/10/08 v1.0 Non Standard LaTeX document class
(/usr/local/texlive/2025/texmf-dist/tex/latex/extsizes/size9.clo) (/usr/local/texlive/2025/texmf-dist/tex/latex/base/exscale.sty)) (content/tex/kactlpkg.sty (/usr/local/texlive/2025/texmf-dist/tex/latex/base/inputenc.sty) (/usr/local/texlive/2025/texmf-dist/tex/latex/listings/listings.sty (/usr/local/texlive/2025/texmf-dist/tex/latex/graphics/keyval.sty) (/usr/local/texlive/2025/texmf-dist/tex/latex/listings/lstpatch.sty) (/usr/local/texlive/2025/texmf-dist/tex/latex/listings/lstmisc.sty) (/usr/local/texlive/2025/texmf-dist/tex/latex/listings/listings.cfg)) (/usr/local/texlive/2025/texmf-dist/tex/latex/framed/framed.sty) (/usr/local/texlive/2025/texmf-dist/tex/latex/geometry/geometry.sty (/usr/local/texlive/2025/texmf-dist/tex/generic/iftex/ifvtex.sty (/usr/local/texlive/2025/texmf-dist/tex/generic/iftex/iftex.sty))) (/usr/local/texlive/2025/texmf-dist/tex/latex/tools/multicol.sty) (/usr/local/texlive/2025/texmf-dist/tex/latex/fancyhdr/fancyhdr.sty) (/usr/local/texlive/2025/texmf-dist/tex/latex/amsmath/amsbsy.sty (/usr/local/texlive/2025/texmf-dist/tex/latex/amsmath/amsgen.sty)) (/usr/local/texlive/2025/texmf-dist/tex/latex/amsfonts/amssymb.sty (/usr/local/texlive/2025/texmf-dist/tex/latex/amsfonts/amsfonts.sty)) (/usr/local/texlive/2025/texmf-dist/tex/latex/amsmath/amsmath.sty
For additional information on amsmath, use the `?' option.
(/usr/local/texlive/2025/texmf-dist/tex/latex/amsmath/amstext.sty) (/usr/local/texlive/2025/texmf-dist/tex/latex/amsmath/amsopn.sty)) (/usr/local/texlive/2025/texmf-dist/tex/latex/tocloft/tocloft.sty) (/usr/local/texlive/2025/texmf-dist/tex/latex/titlesec/titletoc.sty) (/usr/local/texlive/2025/texmf-dist/tex/latex/base/ifthen.sty) (/usr/local/texlive/2025/texmf-dist/tex/latex/psnfss/courier.sty) (/usr/local/texlive/2025/texmf-dist/tex/latex/graphics/graphicx.sty (/usr/local/texlive/2025/texmf-dist/tex/latex/graphics/graphics.sty (/usr/local/texlive/2025/texmf-dist/tex/latex/graphics/trig.sty) (/usr/local/texlive/2025/texmf-dist/tex/latex/graphics-cfg/graphics.cfg) (/usr/local/texlive/2025/texmf-dist/tex/latex/graphics-def/pdftex.def))) (/usr/local/texlive/2025/texmf-dist/tex/latex/base/fix-cm.sty (/usr/local/texlive/2025/texmf-dist/tex/latex/base/ts1enc.def)) (/usr/local/texlive/2025/texmf-dist/tex/latex/paralist/paralist.sty) (/usr/local/texlive/2025/texmf-dist/tex/latex/enumitem/enumitem.sty) (/usr/local/texlive/2025/texmf-dist/tex/latex/parskip/parskip.sty (/usr/local/texlive/2025/texmf-dist/tex/latex/kvoptions/kvoptions.sty (/usr/local/texlive/2025/texmf-dist/tex/generic/ltxcmds/ltxcmds.sty) (/usr/local/texlive/2025/texmf-dist/tex/latex/kvsetkeys/kvsetkeys.sty)) (/usr/local/texlive/2025/texmf-dist/tex/latex/etoolbox/etoolbox.sty)) (/usr/local/texlive/2025/texmf-dist/tex/latex/xcolor/xcolor.sty (/usr/local/texlive/2025/texmf-dist/tex/latex/graphics-cfg/color.cfg) (/usr/local/texlive/2025/texmf-dist/tex/latex/graphics/mathcolor.ltx)) (/usr/local/texlive/2025/texmf-dist/tex/latex/graphics/dvipsnam.def) (/usr/local/texlive/2025/texmf-dist/tex/generic/ulem/ulem.sty) (/usr/local/texlive/2025/texmf-dist/tex/latex/hyperref/hyperref.sty (/usr/local/texlive/2025/texmf-dist/tex/generic/kvdefinekeys/kvdefinekeys.sty) (/usr/local/texlive/2025/texmf-dist/tex/generic/pdfescape/pdfescape.sty (/usr/local/texlive/2025/texmf-dist/tex/generic/pdftexcmds/pdftexcmds.sty (/usr/local/texlive/2025/texmf-dist/tex/generic/infwarerr/infwarerr.sty))) (/usr/local/texlive/2025/texmf-dist/tex/latex/hycolor/hycolor.sty) (/usr/local/texlive/2025/texmf-dist/tex/latex/hyperref/nameref.sty (/usr/local/texlive/2025/texmf-dist/tex/latex/refcount/refcount.sty) (/usr/local/texlive/2025/texmf-dist/tex/generic/gettitlestring/gettitlestring.sty)) (/usr/local/texlive/2025/texmf-dist/tex/generic/stringenc/stringenc.sty) (/usr/local/texlive/2025/texmf-dist/tex/latex/hyperref/pd1enc.def) (/usr/local/texlive/2025/texmf-dist/tex/generic/intcalc/intcalc.sty) (/usr/local/texlive/2025/texmf-dist/tex/latex/hyperref/puenc.def) (/usr/local/texlive/2025/texmf-dist/tex/latex/url/url.sty) (/usr/local/texlive/2025/texmf-dist/tex/generic/bitset/bitset.sty (/usr/local/texlive/2025/texmf-dist/tex/generic/bigintcalc/bigintcalc.sty)) (/usr/local/texlive/2025/texmf-dist/tex/latex/base/atbegshi-ltx.sty)) (/usr/local/texlive/2025/texmf-dist/tex/latex/hyperref/hpdftex.def (/usr/local/texlive/2025/texmf-dist/tex/latex/base/atveryend-ltx.sty) (/usr/local/texlive/2025/texmf-dist/tex/latex/rerunfilecheck/rerunfilecheck.sty (/usr/local/texlive/2025/texmf-dist/tex/generic/uniquecounter/uniquecounter.sty))) (/usr/local/texlive/2025/texmf-dist/tex/latex/listings/lstlang1.sty) (/usr/local/texlive/2025/texmf-dist/tex/latex/listings/lstlang1.sty) (/usr/local/texlive/2025/texmf-dist/tex/latex/listings/lstmisc.sty)) (/usr/local/texlive/2025/texmf-dist/tex/latex/l3backend/l3backend-pdftex.def) (build//kactl.aux)
*geometry* driver: auto-detecting
*geometry* detected driver: pdftex
(/usr/local/texlive/2025/texmf-dist/tex/context/base/mkii/supp-pdf.mkii
[Loading MPS to PDF converter (version 2006.09.02).]
) (/usr/local/texlive/2025/texmf-dist/tex/latex/epstopdf-pkg/epstopdf-base.sty (/usr/local/texlive/2025/texmf-dist/tex/latex/latexconfig/epstopdf-sys.cfg)) (build//kactl.out) (build//kactl.out)
[0{/usr/local/texlive/2025/texmf-var/fonts/map/pdftex/updmap/pdftex.map}] (build//kactl.toc (/usr/local/texlive/2025/texmf-dist/tex/latex/amsfonts/umsa.fd) (/usr/local/texlive/2025/texmf-dist/tex/latex/amsfonts/umsb.fd)) (./content/contest/chapter.tex * [1mtodo.txt[0m

Chapter 1.
(./build/kactl.tmp (/usr/local/texlive/2025/texmf-dist/tex/latex/psnfss/ot1pcr.fd)) * [1mtemplate.cpp[0m
 (./build/kactl.tmp (/usr/local/texlive/2025/texmf-dist/tex/latex/psnfss/t1pcr.fd)) * [1mfast.cpp[0m
 (./build/kactl.tmp) * [1mrun[0m
 (./build/kactl.tmp (/usr/local/texlive/2025/texmf-dist/tex/latex/psnfss/ts1pcr.fd)) * [1m.bashrc[0m
 (./build/kactl.tmp (/usr/local/texlive/2025/texmf-dist/tex/latex/listings/lstlang1.sty) (/usr/local/texlive/2025/texmf-dist/tex/latex/listings/lstlang1.sty) (/usr/local/texlive/2025/texmf-dist/tex/latex/base/omlcmr.fd)) * [1m.vimrc[0m
 (./build/kactl.tmp) * [1mhash.sh[0m
 (./build/kactl.tmp) * [1mtroubleshoot.txt[0m
 (./build/kactl.tmp)) (./content/math/chapter.tex
Chapter 2.
[1{/usr/local/texlive/2025/texmf-dist/fonts/enc/dvips/base/8r.enc}] (./build/header2.tmp) [2 <./content/math/sphericalCoordinates.pdf>]) (./content/data-structures/chapter.tex * [1mOrderStatisticTree.h[0m

Chapter 3.
(./build/kactl.tmp) * [1mHashMap.h[0m
 (./build/kactl.tmp) * [1mMatrix.h[0m
 (./build/kactl.tmp (/usr/local/texlive/2025/texmf-dist/tex/latex/psnfss/omspcr.fd)) * [1mLineContainer.h[0m
 (./build/kactl.tmp) * [1mLichao.h[0m
 (./build/kactl.tmp
Underfull \hbox (badness 10000) in paragraph at lines 6--6
\OT1/cmr/bx/n/7 Usage: \OT1/pcr/m/n/7 LiChao tr(xs); tr.add(\OMS/cmsy/m/n/7 f\OT1/pcr/m/n/7 m, b\OMS/cmsy/m/n/7 g\OT1/pcr/m/n/7 ); tr.add(\OMS/cmsy/m/n/7 f\OT1/pcr/m/n/7 m, b\OMS/cmsy/m/n/7 g\OT1/pcr/m/n/7 , l, r);
(./build/header2.tmp) [3]) * [1mTreap.h[0m
 (./build/kactl.tmp) * [1mRMQ.h[0m
 (./build/kactl.tmp) * [1mMoQueries.h[0m
 (./build/kactl.tmp)) (./content/numerical/chapter.tex
Chapter 4.
(./build/header2.tmp) [4{/usr/local/texlive/2025/texmf-dist/fonts/enc/dvips/cm-super/cm-super-ts1.enc}] * [1mPolynomial.h[0m
 (./build/kactl.tmp) * [1mPolyRoots.h[0m
 (./build/kactl.tmp) * [1mPolyInterpolate.h[0m
 (./build/kactl.tmp) * [1mBerlekampMassey.h[0m
 (./build/kactl.tmp) * [1mLinearRecurrence.h[0m
 (./build/kactl.tmp) * [1mOperation.h[0m
 (./build/kactl.tmp (./build/header2.tmp) [5]) * [1mGoldenSectionSearch.h[0m
 (./build/kactl.tmp) * [1mHillClimbing.h[0m
 (./build/kactl.tmp) * [1mSimplex.h[0m
 (./build/kactl.tmp (/usr/local/texlive/2025/texmf-dist/tex/latex/base/omscmr.fd)) * [1mDeterminant.h[0m
 (./build/kactl.tmp) * [1mIntDeterminant.h[0m
 (./build/kactl.tmp) * [1mSolveLinear.h[0m
 (./build/kactl.tmp (./build/header2.tmp) [6]) * [1mSolveLinear2.h[0m
 (./build/kactl.tmp) * [1mSolveLinearBinary.h[0m
 (./build/kactl.tmp) * [1mMatrixInverse.h[0m
 (./build/kactl.tmp) * [1mTridiagonal.h[0m
 (./build/kactl.tmp) * [1mFastFourierTransform.h[0m
 (./build/kactl.tmp (./build/header2.tmp) [7]) * [1mFastFourierTransformMod.h[0m
 (./build/kactl.tmp) * [1mNumberTheoreticTransform.h[0m
 (./build/kactl.tmp) * [1mFastSubsetTransform.h[0m
 (./build/kactl.tmp)) (./content/number-theory/chapter.tex
Chapter 5.
(./build/header2.tmp) [8] * [1mModularArithmetic.h[0m
 (./build/kactl.tmp) * [1mModInverse.h[0m
 (./build/kactl.tmp) * [1mModPow.h[0m
 (./build/kactl.tmp) * [1mModLog.h[0m
 (./build/kactl.tmp) * [1mModSum.h[0m
 (./build/kactl.tmp) * [1mModMulLL.h[0m
 (./build/kactl.tmp) * [1mModSqrt.h[0m
 (./build/kactl.tmp) * [1mFastEratosthenes.h[0m
 (./build/kactl.tmp) * [1mMillerRabin.h[0m
 (./build/kactl.tmp) * [1mFactor.h[0m
 (./build/kactl.tmp) (./build/header2.tmp) [9] * [1meuclid.h[0m
 (./build/kactl.tmp) * [1mCRT.h[0m
 (./build/kactl.tmp) * [1mphiFunction.h[0m
 (./build/kactl.tmp) * [1mContinuedFractions.h[0m
 (./build/kactl.tmp) * [1mFracBinarySearch.h[0m
 (./build/kactl.tmp)) (./content/combinatorial/chapter.tex
Chapter 6.
(./content/combinatorial/factorial.tex) * [1mIntPerm.h[0m
 (./build/kactl.tmp) (./build/header2.tmp) [10] * [1mmultinomial.h[0m
 (./build/kactl.tmp)) (./content/graph/chapter.tex * [1mBellmanFord.h[0m

Chapter 7.
(./build/kactl.tmp) * [1mFloydWarshall.h[0m
 (./build/kactl.tmp) (./build/header2.tmp) [11] * [1mPushRelabel.h[0m
 (./build/kactl.tmp) * [1mMinCostMaxFlow.h[0m
 (./build/kactl.tmp
Underfull \hbox (badness 10000) in paragraph at lines 11--11
\OT1/cmr/bx/n/7 Usage: \OT1/pcr/m/n/7 Prefer when the number of augmentations is small, or

Underfull \hbox (badness 10000) in paragraph at lines 11--11
\OT1/pcr/m/n/7 a large bottleneck flow. Usually the simplest and fastest

Underfull \hbox (badness 10000) in paragraph at lines 11--11
\OT1/pcr/m/n/7 Initial negative edges need setpi; negative cycles need the

Underfull \hbox (badness 10000) in paragraph at lines 11--11
\OT1/pcr/m/n/7 described below, or CostScalingMCMF. PBDS requires GNU
) * [1mMinCostMaxFlowCostScaling.h[0m
 (./build/kactl.tmp
Underfull \hbox (badness 10000) in paragraph at lines 11--11
\OT1/pcr/m/n/7 edges/cycles, or min-cost circulation. SSP is usually faster

Underfull \hbox (badness 10000) in paragraph at lines 11--11
\OT1/pcr/m/n/7 Not suitable for floating-point costs. For pure circulation,

Underfull \hbox (badness 10000) in paragraph at lines 11--11
\OT1/pcr/m/n/7 and run only the cost-scaling phase; do not invent s, t or run
(./build/header2.tmp) [12]) * [1mDinic.h[0m
 (./build/kactl.tmp) * [1mMinCut.h[0m
 (./build/kactl.tmp) * [1mGlobalMinCut.h[0m
 (./build/kactl.tmp (./build/header2.tmp) [13]) * [1mGomoryHu.h[0m
 (./build/kactl.tmp) * [1mhopcroftKarp.h[0m
 (./build/kactl.tmp) * [1mDFSMatching.h[0m
 (./build/kactl.tmp) * [1mMinimumVertexCover.h[0m
 (./build/kactl.tmp) * [1mWeightedMatching.h[0m
 (./build/kactl.tmp) * [1mGeneralMatching.h[0m
 (./build/kactl.tmp (./build/header2.tmp) [14]) * [1mMatroidIntersection.h[0m
 (./build/kactl.tmp) * [1mWeightedMatroidIntersection.h[0m
 (./build/kactl.tmp) * [1mSCC.h[0m
 (./build/kactl.tmp (./build/header2.tmp) [15]) * [1mEBCC.h[0m
 (./build/kactl.tmp) * [1mDominatortree.h[0m
 (./build/kactl.tmp) * [1mBiconnectedComponents.h[0m
 (./build/kactl.tmp) * [1m2sat.h[0m
 (./build/kactl.tmp (./build/header2.tmp) [16]) * [1mEdgeColoring.h[0m
 (./build/kactl.tmp) * [1mMaximalCliques.h[0m
 (./build/kactl.tmp) * [1mMaximumClique.h[0m
 (./build/kactl.tmp) * [1mMaximumIndependentSet.h[0m
 (./build/kactl.tmp) * [1mCompressTree.h[0m
 (./build/kactl.tmp (./build/header2.tmp) [17]) * [1mHLD.h[0m
 (./build/kactl.tmp) * [1mLinkCutTree.h[0m
 (./build/kactl.tmp
Underfull \hbox (badness 10000) in paragraph at lines 11--11
\OT1/pcr/m/n/7 vir stores virtual-child aggregates; access moves preferred
) * [1mDirectedMST.h[0m
 (./build/kactl.tmp (./build/header2.tmp) [18])) (./content/geometry/chapter.tex * [1mPoint.h[0m

Chapter 8.
(./build/kactl.tmp) * [1mlineDistance.h[0m
 (./build/kactl.tmp) * [1mSegmentDistance.h[0m
 (./build/kactl.tmp) * [1mSegmentIntersection.h[0m
 (./build/kactl.tmp) * [1mlineIntersection.h[0m
 (./build/kactl.tmp) * [1msideOf.h[0m
 (./build/kactl.tmp) * [1mOnSegment.h[0m
 (./build/kactl.tmp) * [1mlinearTransformation.h[0m
 (./build/kactl.tmp (./build/header2.tmp) [19 <./content/geometry/lineDistance.pdf> <./content/geometry/SegmentDistance.pdf> <./content/geometry/SegmentIntersection.pdf> <./content/geometry/lineIntersection.pdf>]) * [1mAngle.h[0m
 (./build/kactl.tmp
Underfull \hbox (badness 10000) in paragraph at lines 9--9
\OT1/pcr/m/n/7 // sweeps j such that (j-i) represents the number of positively
) * [1mCircleIntersection.h[0m
 (./build/kactl.tmp) * [1mCircleTangents.h[0m
 (./build/kactl.tmp) * [1mCirclePolygonIntersection.h[0m
 (./build/kactl.tmp) * [1mcircumcircle.h[0m
 (./build/kactl.tmp) * [1mMinimumEnclosingCircle.h[0m
 (./build/kactl.tmp) * [1mInsidePolygon.h[0m
 (./build/kactl.tmp) * [1mPolygonArea.h[0m
 (./build/kactl.tmp) * [1mPolygonCenter.h[0m
 (./build/kactl.tmp (./build/header2.tmp) [20 <./content/geometry/linearTransformation.pdf> <./content/geometry/circumcircle.pdf>]) * [1mPolygonCut.h[0m
 (./build/kactl.tmp) * [1mConvexHull.h[0m
 (./build/kactl.tmp) * [1mHullDiameter.h[0m
 (./build/kactl.tmp) * [1mPointInsideHull.h[0m
 (./build/kactl.tmp) * [1mLineHullIntersection.h[0m
 (./build/kactl.tmp) * [1mClosestPair.h[0m
 (./build/kactl.tmp) * [1mkdTree.h[0m
 (./build/kactl.tmp (./build/header2.tmp) [21 <./content/geometry/PolygonCut.pdf> <./content/geometry/ConvexHull.pdf>]) * [1mFastDelaunay.h[0m
 (./build/kactl.tmp) * [1mPolyhedronVolume.h[0m
 (./build/kactl.tmp) * [1mPoint3D.h[0m
 (./build/kactl.tmp) * [1m3dHull.h[0m
 (./build/kactl.tmp (./build/header2.tmp) [22]) * [1msphericalDistance.h[0m
 (./build/kactl.tmp)) (./content/strings/chapter.tex * [1mKMP.h[0m

Chapter 9.
(./build/kactl.tmp) * [1mZfunc.h[0m
 (./build/kactl.tmp) * [1mManacher.h[0m
 (./build/kactl.tmp) * [1mMinRotation.h[0m
 (./build/kactl.tmp) * [1mSuffixArray.h[0m
 (./build/kactl.tmp) * [1mSuffixArraySAIS.h[0m
 (./build/kactl.tmp (./build/header2.tmp) [23]) * [1mSuffixArrayDC3.h[0m
 (./build/kactl.tmp) * [1mSuffixTree.h[0m
 (./build/kactl.tmp) * [1mAhoCorasick.h[0m
 (./build/kactl.tmp (./build/header2.tmp) [24]) * [1mSam.h[0m
 (./build/kactl.tmp)) (./content/various/chapter.tex * [1mIntervalContainer.h[0m

Chapter 10.
(./build/kactl.tmp) * [1mIntervalCover.h[0m
 (./build/kactl.tmp) * [1mConstantIntervals.h[0m
 (./build/kactl.tmp
Underfull \hbox (badness 10000) in paragraph at lines 7--7
\OT1/cmr/bx/n/7 Usage: \OT1/pcr/m/n/7 constantIntervals(0, sz(v), [&](int x)\OMS/cmsy/m/n/7 f\OT1/pcr/m/n/7 return v[x];\OMS/cmsy/m/n/7 g\OT1/pcr/m/n/7 ,
) * [1mTernarySearch.h[0m
 (./build/kactl.tmp (./build/header2.tmp) [25]) * [1mLIS.h[0m
 (./build/kactl.tmp) * [1mFastKnapsack.h[0m
 (./build/kactl.tmp) * [1mKnuthDP.h[0m
 (./build/kactl.tmp) * [1mDivideAndConquerDP.h[0m
 (./build/kactl.tmp) * [1mFastMod.h[0m
 (./build/kactl.tmp) * [1mFastInput.h[0m
 (./build/kactl.tmp) * [1mBumpAllocator.h[0m
 (./build/kactl.tmp) * [1mSmallPtr.h[0m
 (./build/kactl.tmp) (./build/header2.tmp) [26] * [1mBumpAllocatorSTL.h[0m
 (./build/kactl.tmp) * [1mUnrolling.h[0m
 (./build/kactl.tmp)) (./build/header2.tmp) [27] (./content/appendix/chapter.tex * [1mtechniques.txt[0m

pdfTeX warning (ext4): destination with the same identifier (name{chapter.1}) has been already used, duplicate ignored
<to be read again> 
                   \relax 
l.2 \chapter{Techniques}
                        
Chapter A.
(./build/kactl.tmp
pdfTeX warning (ext4): destination with the same identifier (name{lstlisting.1.1}) has been already used, duplicate ignored
<to be read again> 
                   \relax 
l.3 ...ing}[language=raw,caption={techniques.txt}]
                                                  
pdfTeX warning (ext4): destination with the same identifier (name{lstnumber.1.1.1}) has been already used, duplicate ignored
<to be read again> 
                   \relax 
l.4 Recursion
             
pdfTeX warning (ext4): destination with the same identifier (name{lstnumber.1.1.2}) has been already used, duplicate ignored
<to be read again> 
                   \relax 
l.5 Divide 
           and conquer
pdfTeX warning (ext4): destination with the same identifier (name{lstnumber.1.1.3}) has been already used, duplicate ignored
<to be read again> 
                   \relax 
l.6 	Finding 
             interesting points in N log N
pdfTeX warning (ext4): destination with the same identifier (name{lstnumber.1.1.4}) has been already used, duplicate ignored
<to be read again> 
                   \relax 
l.7 Algorithm 
              analysis)) (./build/header2.tmp) [28] (build//kactl.aux) )
(see the transcript file for additional information)</usr/local/texlive/2025/texmf-dist/fonts/type1/public/amsfonts/cm/cmbx10.pfb></usr/local/texlive/2025/texmf-dist/fonts/type1/public/amsfonts/cm/cmbx12.pfb></usr/local/texlive/2025/texmf-dist/fonts/type1/public/amsfonts/cm/cmbx6.pfb></usr/local/texlive/2025/texmf-dist/fonts/type1/public/amsfonts/cm/cmbx7.pfb></usr/local/texlive/2025/texmf-dist/fonts/type1/public/amsfonts/cm/cmbx8.pfb></usr/local/texlive/2025/texmf-dist/fonts/type1/public/amsfonts/cm/cmbx9.pfb></usr/local/texlive/2025/texmf-dist/fonts/type1/public/amsfonts/cmextra/cmex7.pfb></usr/local/texlive/2025/texmf-dist/fonts/type1/public/amsfonts/cmextra/cmex8.pfb></usr/local/texlive/2025/texmf-dist/fonts/type1/public/amsfonts/cmextra/cmex9.pfb></usr/local/texlive/2025/texmf-dist/fonts/type1/public/amsfonts/cm/cmmi5.pfb></usr/local/texlive/2025/texmf-dist/fonts/type1/public/amsfonts/cm/cmmi6.pfb></usr/local/texlive/2025/texmf-dist/fonts/type1/public/amsfonts/cm/cmmi7.pfb></usr/local/texlive/2025/texmf-dist/fonts/type1/public/amsfonts/cm/cmmi8.pfb></usr/local/texlive/2025/texmf-dist/fonts/type1/public/amsfonts/cm/cmmi9.pfb></usr/local/texlive/2025/texmf-dist/fonts/type1/public/amsfonts/cm/cmr10.pfb></usr/local/texlive/2025/texmf-dist/fonts/type1/public/amsfonts/cm/cmr12.pfb></usr/local/texlive/2025/texmf-dist/fonts/type1/public/amsfonts/cm/cmr17.pfb></usr/local/texlive/2025/texmf-dist/fonts/type1/public/amsfonts/cm/cmr5.pfb></usr/local/texlive/2025/texmf-dist/fonts/type1/public/amsfonts/cm/cmr6.pfb></usr/local/texlive/2025/texmf-dist/fonts/type1/public/amsfonts/cm/cmr7.pfb></usr/local/texlive/2025/texmf-dist/fonts/type1/public/amsfonts/cm/cmr8.pfb></usr/local/texlive/2025/texmf-dist/fonts/type1/public/amsfonts/cm/cmr9.pfb></usr/local/texlive/2025/texmf-dist/fonts/type1/public/amsfonts/cm/cmsy5.pfb></usr/local/texlive/2025/texmf-dist/fonts/type1/public/amsfonts/cm/cmsy6.pfb></usr/local/texlive/2025/texmf-dist/fonts/type1/public/amsfonts/cm/cmsy7.pfb></usr/local/texlive/2025/texmf-dist/fonts/type1/public/amsfonts/cm/cmsy8.pfb></usr/local/texlive/2025/texmf-dist/fonts/type1/public/amsfonts/cm/cmsy9.pfb></usr/local/texlive/2025/texmf-dist/fonts/type1/public/amsfonts/cm/cmti7.pfb></usr/local/texlive/2025/texmf-dist/fonts/type1/public/amsfonts/cm/cmti9.pfb></usr/local/texlive/2025/texmf-dist/fonts/type1/public/amsfonts/symbols/msbm10.pfb></usr/local/texlive/2025/texmf-dist/fonts/type1/public/amsfonts/symbols/msbm7.pfb></usr/local/texlive/2025/texmf-dist/fonts/type1/public/cm-super/sfrm0700.pfb></usr/local/texlive/2025/texmf-dist/fonts/type1/public/cm-super/sfrm0900.pfb></usr/local/texlive/2025/texmf-dist/fonts/type1/public/cm-super/sfti0700.pfb></usr/local/texlive/2025/texmf-dist/fonts/type1/urw/courier/ucrb8a.pfb></usr/local/texlive/2025/texmf-dist/fonts/type1/urw/courier/ucrr8a.pfb></usr/local/texlive/2025/texmf-dist/fonts/type1/urw/courier/ucrro8a.pfb>
Output written on build//kactl.pdf (29 pages, 2420264 bytes).
Transcript written on build//kactl.log.
cp build/kactl.pdf kactl.pdf
